model dir : <model dir>
dump dir  : <model dir>/chdump_L93_en34
ids       : [163584, 767, 276, 5827, 5469, 318, 276, 8801, 276, 5243, 1688, 667, 5412, 284, 3155, 979, 13, 646, 13280, 47458, 1688, 12903, 933, 11, 316, 4258, 67154, 1646, 9868, 308, 2252, 306, 5900, 318]   layers: 93
embed     : std=0.0218
after layer  0       5.5s  experts=  0  cosine=0.999988  maxdiff=  0.0012  ours std=  0.0121  C std=  0.0121
after layer  1      34.6s  experts=331  cosine=0.999816  maxdiff=  0.0050  ours std=  0.0206  C std=  0.0206
after layer  2      32.6s  experts=276  cosine=0.999890  maxdiff=  0.0105  ours std=  0.0501  C std=  0.0501
after layer  3      20.9s  experts=194  cosine=0.999867  maxdiff=  0.0204  ours std=  0.0801  C std=  0.0799
after layer  4      27.3s  experts=187  cosine=0.999583  maxdiff=  0.0510  ours std=  0.1110  C std=  0.1109
after layer  5      34.2s  experts=247  cosine=0.999548  maxdiff=  0.0792  ours std=  0.1713  C std=  0.1711
after layer  6      37.8s  experts=332  cosine=0.999870  maxdiff=  0.0964  ours std=  0.3954  C std=  0.3953
after layer  7      29.8s  experts=272  cosine=0.999864  maxdiff=  0.1137  ours std=  0.4814  C std=  0.4814
after layer  8      29.1s  experts=263  cosine=0.999897  maxdiff=  0.1216  ours std=  0.6859  C std=  0.6859
after layer  9      30.0s  experts=234  cosine=0.999913  maxdiff=  0.1536  ours std=  0.8968  C std=  0.8967
after layer 10      30.4s  experts=232  cosine=0.999932  maxdiff=  0.1439  ours std=  1.2026  C std=  1.2020
after layer 11      24.9s  experts=232  cosine=0.999925  maxdiff=  0.2067  ours std=  1.5531  C std=  1.5529
after layer 12      24.2s  experts=169  cosine=0.999776  maxdiff=  0.0138  ours std=  0.0542  C std=  0.0541
after layer 13      23.9s  experts=216  cosine=0.998854  maxdiff=  0.0376  ours std=  0.0931  C std=  0.0930
after layer 14      25.0s  experts=209  cosine=0.999357  maxdiff=  0.0561  ours std=  0.1645  C std=  0.1646
after layer 15      24.1s  experts=224  cosine=0.998929  maxdiff=  0.0762  ours std=  0.1768  C std=  0.1768
after layer 16      24.7s  experts=206  cosine=0.998828  maxdiff=  0.0808  ours std=  0.2047  C std=  0.2047
after layer 17      25.6s  experts=217  cosine=0.998538  maxdiff=  0.1161  ours std=  0.2424  C std=  0.2424
after layer 18      23.6s  experts=193  cosine=0.999541  maxdiff=  0.1378  ours std=  0.4835  C std=  0.4834
after layer 19      21.7s  experts=201  cosine=0.999633  maxdiff=  0.1547  ours std=  0.6283  C std=  0.6280
after layer 20      22.5s  experts=205  cosine=0.999777  maxdiff=  0.1811  ours std=  0.9501  C std=  0.9507
after layer 21      27.9s  experts=240  cosine=0.999787  maxdiff=  0.1941  ours std=  1.1549  C std=  1.1555
after layer 22      64.7s  experts=206  cosine=0.999768  maxdiff=  0.2335  ours std=  1.3399  C std=  1.3408
after layer 23      62.7s  experts=187  cosine=0.999739  maxdiff=  0.2781  ours std=  1.4577  C std=  1.4585
after layer 24      82.7s  experts=276  cosine=0.999191  maxdiff=  0.0022  ours std=  0.0062  C std=  0.0062
after layer 25      27.9s  experts=226  cosine=0.998175  maxdiff=  0.0095  ours std=  0.0130  C std=  0.0129
after layer 26      24.8s  experts=200  cosine=0.999198  maxdiff=  0.0102  ours std=  0.0358  C std=  0.0357
after layer 27      32.8s  experts=207  cosine=0.998868  maxdiff=  0.0192  ours std=  0.0433  C std=  0.0432
after layer 28      28.0s  experts=243  cosine=0.998611  maxdiff=  0.0199  ours std=  0.0519  C std=  0.0519
after layer 29      38.8s  experts=188  cosine=0.998742  maxdiff=  0.0255  ours std=  0.0717  C std=  0.0717
after layer 30      36.9s  experts=212  cosine=0.999502  maxdiff=  0.0297  ours std=  0.1425  C std=  0.1422
after layer 31      30.6s  experts=208  cosine=0.999370  maxdiff=  0.0363  ours std=  0.1538  C std=  0.1535
after layer 32      39.5s  experts=244  cosine=0.999474  maxdiff=  0.0646  ours std=  0.2286  C std=  0.2281
after layer 33      28.7s  experts=227  cosine=0.999551  maxdiff=  0.1185  ours std=  0.3550  C std=  0.3543
after layer 34      38.2s  experts=239  cosine=0.999570  maxdiff=  0.1082  ours std=  0.4887  C std=  0.4880
after layer 35      29.7s  experts=231  cosine=0.999528  maxdiff=  0.2352  ours std=  0.7361  C std=  0.7352
after layer 36      38.1s  experts=222  cosine=0.997835  maxdiff=  0.0062  ours std=  0.0078  C std=  0.0078
after layer 37      35.2s  experts=181  cosine=0.997156  maxdiff=  0.0096  ours std=  0.0155  C std=  0.0155
after layer 38      28.5s  experts=166  cosine=0.999762  maxdiff=  0.0190  ours std=  0.0999  C std=  0.1002
after layer 39      25.9s  experts=194  cosine=0.999604  maxdiff=  0.0271  ours std=  0.1025  C std=  0.1028
after layer 40      24.2s  experts=173  cosine=0.999386  maxdiff=  0.0335  ours std=  0.1118  C std=  0.1120
after layer 41      27.9s  experts=180  cosine=0.999091  maxdiff=  0.0614  ours std=  0.1328  C std=  0.1330
after layer 42      28.4s  experts=157  cosine=0.998884  maxdiff=  0.0963  ours std=  0.1749  C std=  0.1751
after layer 43      24.3s  experts=170  cosine=0.998454  maxdiff=  0.1074  ours std=  0.1893  C std=  0.1895
after layer 44      26.3s  experts=173  cosine=0.997859  maxdiff=  0.1452  ours std=  0.2356  C std=  0.2358
after layer 45      21.3s  experts=144  cosine=0.997003  maxdiff=  0.2579  ours std=  0.3227  C std=  0.3231
after layer 46      22.9s  experts=155  cosine=0.998222  maxdiff=  0.3045  ours std=  0.6865  C std=  0.6867
after layer 47      23.2s  experts=159  cosine=0.998778  maxdiff=  0.4519  ours std=  1.0713  C std=  1.0715
after layer 48      26.1s  experts=180  cosine=0.997970  maxdiff=  0.0059  ours std=  0.0068  C std=  0.0068
after layer 49      27.0s  experts=156  cosine=0.997774  maxdiff=  0.0113  ours std=  0.0155  C std=  0.0155
after layer 50      25.8s  experts=138  cosine=0.998707  maxdiff=  0.0381  ours std=  0.0396  C std=  0.0395
after layer 51      23.8s  experts=158  cosine=0.997098  maxdiff=  0.0853  ours std=  0.0487  C std=  0.0487
after layer 52      26.7s  experts=156  cosine=0.996840  maxdiff=  0.1717  ours std=  0.0905  C std=  0.0906
after layer 53      24.9s  experts=146  cosine=0.997206  maxdiff=  0.2008  ours std=  0.1495  C std=  0.1497
after layer 54      25.8s  experts=141  cosine=0.997289  maxdiff=  0.2366  ours std=  0.2604  C std=  0.2607
after layer 55      23.1s  experts=133  cosine=0.997247  maxdiff=  0.7285  ours std=  0.3978  C std=  0.3978
after layer 56      27.7s  experts=165  cosine=0.997485  maxdiff=  0.9981  ours std=  0.6243  C std=  0.6242
after layer 57      24.3s  experts=151  cosine=0.997599  maxdiff=  1.3974  ours std=  0.8673  C std=  0.8674
after layer 58      27.9s  experts=146  cosine=0.998299  maxdiff=  2.1501  ours std=  1.4094  C std=  1.4097
after layer 59      23.8s  experts=148  cosine=0.998478  maxdiff=  3.2437  ours std=  1.8515  C std=  1.8529
after layer 60      33.8s  experts=198  cosine=0.995941  maxdiff=  0.1107  ours std=  0.0763  C std=  0.0762
after layer 61      33.4s  experts=196  cosine=0.995948  maxdiff=  0.3092  ours std=  0.1348  C std=  0.1348
after layer 62      34.9s  experts=196  cosine=0.995957  maxdiff=  0.4655  ours std=  0.2147  C std=  0.2144
after layer 63      34.2s  experts=197  cosine=0.993554  maxdiff=  0.4653  ours std=  0.2211  C std=  0.2206
after layer 64      35.1s  experts=197  cosine=0.992508  maxdiff=  0.5749  ours std=  0.2607  C std=  0.2602
after layer 65      34.5s  experts=205  cosine=0.992417  maxdiff=  0.6436  ours std=  0.3151  C std=  0.3141
after layer 66      27.2s  experts=208  cosine=0.992400  maxdiff=  0.6383  ours std=  0.3773  C std=  0.3763
after layer 67      32.8s  experts=184  cosine=0.991993  maxdiff=  1.0786  ours std=  0.4142  C std=  0.4134
after layer 68      39.0s  experts=205  cosine=0.989709  maxdiff=  1.2852  ours std=  0.4471  C std=  0.4463
after layer 69      44.7s  experts=221  cosine=0.987459  maxdiff=  2.3134  ours std=  0.4874  C std=  0.4863
after layer 70      38.8s  experts=212  cosine=0.986975  maxdiff=  3.7940  ours std=  0.5732  C std=  0.5729
after layer 71      43.9s  experts=218  cosine=0.985744  maxdiff=  5.2648  ours std=  0.5985  C std=  0.5982
after layer 72      43.7s  experts=215  cosine=0.987909  maxdiff=  0.2107  ours std=  0.0401  C std=  0.0399
after layer 73      25.8s  experts=161  cosine=0.991571  maxdiff=  0.2757  ours std=  0.0921  C std=  0.0919
after layer 74      32.2s  experts=173  cosine=0.993007  maxdiff=  0.3870  ours std=  0.1504  C std=  0.1492
after layer 75      34.2s  experts=184  cosine=0.990944  maxdiff=  0.6515  ours std=  0.1468  C std=  0.1458
after layer 76      25.0s  experts=165  cosine=0.989158  maxdiff=  0.4381  ours std=  0.1918  C std=  0.1909
after layer 77      34.5s  experts=168  cosine=0.988914  maxdiff=  0.5095  ours std=  0.2315  C std=  0.2314
after layer 78      33.9s  experts=165  cosine=0.990716  maxdiff=  0.6137  ours std=  0.3149  C std=  0.3154
after layer 79      28.0s  experts=179  cosine=0.989754  maxdiff=  0.8524  ours std=  0.3164  C std=  0.3172
after layer 80      40.0s  experts=200  cosine=0.988710  maxdiff=  1.1863  ours std=  0.3772  C std=  0.3780
after layer 81      31.3s  experts=204  cosine=0.990802  maxdiff=  1.6431  ours std=  0.5061  C std=  0.5088
after layer 82      40.5s  experts=202  cosine=0.993602  maxdiff=  1.7962  ours std=  0.7226  C std=  0.7267
after layer 83      37.3s  experts=199  cosine=0.992074  maxdiff=  1.2728  ours std=  0.8380  C std=  0.8421
after layer 84      27.6s  experts=170  cosine=0.997728  maxdiff=  0.2127  ours std=  0.0936  C std=  0.0940
after layer 85      22.9s  experts=171  cosine=0.997087  maxdiff=  0.1409  ours std=  0.1288  C std=  0.1295
after layer 86      58.8s  experts=163  cosine=0.997247  maxdiff=  0.2745  ours std=  0.1951  C std=  0.1960
after layer 87      20.9s  experts=155  cosine=0.996134  maxdiff=  0.3180  ours std=  0.2111  C std=  0.2124
after layer 88      21.2s  experts=177  cosine=0.997000  maxdiff=  0.9220  ours std=  0.3296  C std=  0.3310
after layer 89      20.9s  experts=177  cosine=0.997044  maxdiff=  3.9598  ours std=  0.5132  C std=  0.5146
after layer 90      24.5s  experts=151  cosine=0.998889  maxdiff=  4.2927  ours std=  0.8350  C std=  0.8335
after layer 91      21.4s  experts=188  cosine=0.999662  maxdiff= 37.8710  ours std= 22.2799  C std= 22.1776
after layer 92      29.3s  experts=240  cosine=0.999840  maxdiff= 43.0200  ours std= 43.2781  C std= 43.2383
total 2869s, bytes read 426.59 GB
